 vibor_t_mex

 Timestamp is 53ccf229 (Mon Jul 21 16:57:45 2014)

 Preferred load address is 0000000180000000

 Start         Length     Name                   Class
 0001:00000000 00008442H .text                   CODE
 0001:00008450 00000092H .text$x                 CODE
 0002:00000000 000002b8H .idata$5                DATA
 0002:000002b8 00000008H .CRT$XCA                DATA
 0002:000002c0 00000008H .CRT$XCZ                DATA
 0002:000002c8 00000008H .CRT$XIA                DATA
 0002:000002d0 00000008H .CRT$XIAA               DATA
 0002:000002d8 00000008H .CRT$XIZ                DATA
 0002:000002e0 00000f88H .rdata                  DATA
 0002:00001268 00000008H .rtc$IAA                DATA
 0002:00001270 00000008H .rtc$IZZ                DATA
 0002:00001278 00000008H .rtc$TAA                DATA
 0002:00001280 00000008H .rtc$TZZ                DATA
 0002:00001288 00000330H .xdata                  DATA
 0002:000015b8 00000078H .idata$2                DATA
 0002:00001630 00000014H .idata$3                DATA
 0002:00001648 000002b8H .idata$4                DATA
 0002:00001900 00000758H .idata$6                DATA
 0002:00002060 000000bcH .edata                  DATA
 0003:00000000 00000b5cH .data                   DATA
 0003:00000b60 000005c8H .bss                    DATA
 0004:00000000 000002a0H .pdata                  DATA

  Address         Publics by Value              Rva+Base               Lib:Object

 0000:00000000       ___safe_se_handler_table   0000000000000000     <absolute>
 0000:00000000       ___safe_se_handler_count   0000000000000000     <absolute>
 0000:00000000       __ImageBase                0000000180000000     <linker-defined>
 0001:00000000       error                      0000000180001000 f   vibor_t_mexutil.obj
 0001:00000050       message                    0000000180001050 f   vibor_t_mexutil.obj
 0001:000000a0       vibor_t_initialize         00000001800010a0 f   vibor_t_initialize.obj
 0001:00000100       vibor_t_atexit             0000000180001100 f   vibor_t_terminate.obj
 0001:00000150       vibor_t_terminate          0000000180001150 f   vibor_t_terminate.obj
 0001:00000550       vibor_t                    0000000180001550 f   vibor_t.obj
 0001:00004310       b_abs                      0000000180005310 f   abs.obj
 0001:000043a0       rdivide                    00000001800053a0 f   rdivide.obj
 0001:00004fe0       emlrtMexFcnResolvedFunctionsInfo 0000000180005fe0 f   vibor_t_api.obj
 0001:00006ad0       vibor_t_api                0000000180007ad0 f   vibor_t_api.obj
 0001:000071a0       emxEnsureCapacity          00000001800081a0 f   vibor_t_emxutil.obj
 0001:000072b0       emxFree_boolean_T          00000001800082b0 f   vibor_t_emxutil.obj
 0001:000072b0       emxFree_int32_T            00000001800082b0 f   vibor_t_emxutil.obj
 0001:000072b0       emxFree_real_T             00000001800082b0 f   vibor_t_emxutil.obj
 0001:000072f0       b_emxInit_real_T           00000001800082f0 f   vibor_t_emxutil.obj
 0001:000072f0       emxInit_int32_T            00000001800082f0 f   vibor_t_emxutil.obj
 0001:000072f0       emxInit_boolean_T          00000001800082f0 f   vibor_t_emxutil.obj
 0001:000072f0       emxInit_real_T             00000001800082f0 f   vibor_t_emxutil.obj
 0001:000073c0       emxFreeStruct_struct_T     00000001800083c0 f   vibor_t_emxutil.obj
 0001:000075c0       emxInitStruct_struct_T     00000001800085c0 f   vibor_t_emxutil.obj
 0001:000077f0       vibor_t_atexit_wrapper     00000001800087f0 f   vibor_t_mex.obj
 0001:00007800       mexFunction                0000000180008800 f   vibor_t_mex.obj
 0001:00007850       emlrtMexFcnProperties      0000000180008850 f   vibor_t_mex.obj
 0001:000079ac       mxCreateCharArray_700      00000001800089ac f   libmx:libmx.dll
 0001:000079b2       mxCreateString             00000001800089b2 f   libmx:libmx.dll
 0001:000079b8       mxCreateLogicalScalar      00000001800089b8 f   libmx:libmx.dll
 0001:000079be       mxCreateDoubleScalar       00000001800089be f   libmx:libmx.dll
 0001:000079c4       mxGetData                  00000001800089c4 f   libmx:libmx.dll
 0001:000079ca       mxCreateNumericMatrix_700  00000001800089ca f   libmx:libmx.dll
 0001:000079d0       mxCreateStructArray_700    00000001800089d0 f   libmx:libmx.dll
 0001:000079d6       mxSetFieldByNumber_700     00000001800089d6 f   libmx:libmx.dll
 0001:000079dc       mxCreateLogicalMatrix_700  00000001800089dc f   libmx:libmx.dll
 0001:000079e2       mxCreateStructMatrix_700   00000001800089e2 f   libmx:libmx.dll
 0001:000079e8       mexAtExit                  00000001800089e8 f   libmex:libmex.dll
 0001:000079ee       emlrtCallMATLABR2012b      00000001800089ee f   libemlrt:libemlrt.dll
 0001:000079f4       emlrtFirstTimeR2012b       00000001800089f4 f   libemlrt:libemlrt.dll
 0001:000079fa       emlrtEnterRtStackR2012b    00000001800089fa f   libemlrt:libemlrt.dll
 0001:00007a00       emlrtClearAllocCountR2012b 0000000180008a00 f   libemlrt:libemlrt.dll
 0001:00007a06       emlrtCreateRootTLS         0000000180008a06 f   libemlrt:libemlrt.dll
 0001:00007a0c       emlrtGetBreakCheckFlagAddressR2012b 0000000180008a0c f   libemlrt:libemlrt.dll
 0001:00007a12       emlrtDestroyRootTLS        0000000180008a12 f   libemlrt:libemlrt.dll
 0001:00007a18       emlrtLeaveRtStackR2012b    0000000180008a18 f   libemlrt:libemlrt.dll
 0001:00007a1e       emlrtPopRtStackR2012b      0000000180008a1e f   libemlrt:libemlrt.dll
 0001:00007a24       emlrtAssign                0000000180008a24 f   libemlrt:libemlrt.dll
 0001:00007a2a       emlrtInitCharArrayR2013a   0000000180008a2a f   libemlrt:libemlrt.dll
 0001:00007a30       emlrtPushRtStackR2012b     0000000180008a30 f   libemlrt:libemlrt.dll
 0001:00007a36       emlrtHeapReferenceStackLeaveFcnR2012b 0000000180008a36 f   libemlrt:libemlrt.dll
 0001:00007a3c       emlrtSizeEqCheck1DR2012b   0000000180008a3c f   libemlrt:libemlrt.dll
 0001:00007a42       emlrtDynamicBoundsCheckR2012b 0000000180008a42 f   libemlrt:libemlrt.dll
 0001:00007a48       emlrtIntegerCheckR2012b    0000000180008a48 f   libemlrt:libemlrt.dll
 0001:00007a4e       emlrtHeapReferenceStackEnterFcnR2012b 0000000180008a4e f   libemlrt:libemlrt.dll
 0001:00007a54       emlrtDestroyArray          0000000180008a54 f   libemlrt:libemlrt.dll
 0001:00007a5a       emlrtCheckBuiltInR2012b    0000000180008a5a f   libemlrt:libemlrt.dll
 0001:00007a60       emlrtCheckVsBuiltInR2012b  0000000180008a60 f   libemlrt:libemlrt.dll
 0001:00007a66       emlrtImportArrayR2011b     0000000180008a66 f   libemlrt:libemlrt.dll
 0001:00007a6c       emlrtNameCapturePostProcessR2012a 0000000180008a6c f   libemlrt:libemlrt.dll
 0001:00007a72       emlrtAlias                 0000000180008a72 f   libemlrt:libemlrt.dll
 0001:00007a78       emlrtAddField              0000000180008a78 f   libemlrt:libemlrt.dll
 0001:00007a7e       emlrtGetFieldR2013a        0000000180008a7e f   libemlrt:libemlrt.dll
 0001:00007a84       emlrtCheckStructR2012b     0000000180008a84 f   libemlrt:libemlrt.dll
 0001:00007a8a       emlrtAliasP                0000000180008a8a f   libemlrt:libemlrt.dll
 0001:00007a90       emlrtFreeMex               0000000180008a90 f   libemlrt:libemlrt.dll
 0001:00007a96       emlrtHeapAllocationErrorR2012b 0000000180008a96 f   libemlrt:libemlrt.dll
 0001:00007a9c       emlrtCallocMex             0000000180008a9c f   libemlrt:libemlrt.dll
 0001:00007aa2       emlrtSizeMulR2012b         0000000180008aa2 f   libemlrt:libemlrt.dll
 0001:00007aa8       emlrtPushHeapReferenceStackR2012b 0000000180008aa8 f   libemlrt:libemlrt.dll
 0001:00007aae       emlrtMallocMex             0000000180008aae f   libemlrt:libemlrt.dll
 0001:00007ab4       emlrtReturnArrayR2009a     0000000180008ab4 f   libemlrt:libemlrt.dll
 0001:00007aba       emlrtErrMsgIdAndTxt        0000000180008aba f   libemlrt:libemlrt.dll
 0001:00007ac0       muDoubleScalarCeil         0000000180008ac0 f   libmwmathutil:libmwmathutil.dll
 0001:00007ac6       muDoubleScalarIsNaN        0000000180008ac6 f   libmwmathutil:libmwmathutil.dll
 0001:00007acc       muDoubleScalarAbs          0000000180008acc f   libmwmathutil:libmwmathutil.dll
 0001:00007ad4       __GSHandlerCheckCommon     0000000180008ad4 f   MSVCRT:gshandler.obj
 0001:00007b38       __GSHandlerCheck           0000000180008b38 f   MSVCRT:gshandler.obj
 0001:00007b70       __security_check_cookie    0000000180008b70 f   MSVCRT:amdsecgs.obj
 0001:00007b90       memcpy                     0000000180008b90 f   MSVCRT:MSVCR100.dll
 0001:00007bf8       _CRT_INIT                  0000000180008bf8 f   MSVCRT:crtdll.obj
 0001:00007f90       _DllMainCRTStartup         0000000180008f90 f   MSVCRT:crtdll.obj
 0001:00007fd0       __report_gsfailure         0000000180008fd0 f   MSVCRT:gs_report.obj
 0001:0000811c       __clean_type_info_names    000000018000911c f   MSVCRT:tncleanup.obj
 0001:00008128       _onexit                    0000000180009128 f   MSVCRT:atonexit.obj
 0001:000081d8       atexit                     00000001800091d8 f   MSVCRT:atonexit.obj
 0001:000081f0       _RTC_Initialize            00000001800091f0 f   MSVCRT:_initsect_.obj
 0001:00008228       _RTC_Terminate             0000000180009228 f   MSVCRT:_initsect_.obj
 0001:00008260       _ValidateImageBase         0000000180009260 f   MSVCRT:pesect.obj
 0001:00008290       _FindPESection             0000000180009290 f   MSVCRT:pesect.obj
 0001:000082e0       _IsNonwritableInCurrentImage 00000001800092e0 f   MSVCRT:pesect.obj
 0001:00008322       _initterm                  0000000180009322 f   MSVCRT:MSVCR100.dll
 0001:00008328       _initterm_e                0000000180009328 f   MSVCRT:MSVCR100.dll
 0001:0000832e       _amsg_exit                 000000018000932e f   MSVCRT:MSVCR100.dll
 0001:00008334       __C_specific_handler       0000000180009334 f   MSVCRT:MSVCR100.dll
 0001:0000833a       __CppXcptFilter            000000018000933a f   MSVCRT:MSVCR100.dll
 0001:00008340       DllMain                    0000000180009340 f   MSVCRT:dllmain.obj
 0001:00008364       __security_init_cookie     0000000180009364 f   MSVCRT:gs_support.obj
 0001:00008418       __crt_debugger_hook        0000000180009418 f   MSVCRT:MSVCR100.dll
 0001:0000841e       __clean_type_info_names_internal 000000018000941e f   MSVCRT:MSVCR100.dll
 0001:00008424       _unlock                    0000000180009424 f   MSVCRT:MSVCR100.dll
 0001:0000842a       __dllonexit                000000018000942a f   MSVCRT:MSVCR100.dll
 0001:00008430       _lock                      0000000180009430 f   MSVCRT:MSVCR100.dll
 0001:00008436       RtlVirtualUnwind           0000000180009436 f   kernel32:KERNEL32.dll
 0001:0000843c       RtlLookupFunctionEntry     000000018000943c f   kernel32:KERNEL32.dll
 0002:00000000       __imp_GetSystemTimeAsFileTime 000000018000a000     kernel32:KERNEL32.dll
 0002:00000008       __imp_GetCurrentProcessId  000000018000a008     kernel32:KERNEL32.dll
 0002:00000010       __imp_GetCurrentThreadId   000000018000a010     kernel32:KERNEL32.dll
 0002:00000018       __imp_GetTickCount         000000018000a018     kernel32:KERNEL32.dll
 0002:00000020       __imp_QueryPerformanceCounter 000000018000a020     kernel32:KERNEL32.dll
 0002:00000028       __imp_DisableThreadLibraryCalls 000000018000a028     kernel32:KERNEL32.dll
 0002:00000030       __imp_RtlCaptureContext    000000018000a030     kernel32:KERNEL32.dll
 0002:00000038       __imp_RtlLookupFunctionEntry 000000018000a038     kernel32:KERNEL32.dll
 0002:00000040       __imp_RtlVirtualUnwind     000000018000a040     kernel32:KERNEL32.dll
 0002:00000048       __imp_IsDebuggerPresent    000000018000a048     kernel32:KERNEL32.dll
 0002:00000050       __imp_SetUnhandledExceptionFilter 000000018000a050     kernel32:KERNEL32.dll
 0002:00000058       __imp_UnhandledExceptionFilter 000000018000a058     kernel32:KERNEL32.dll
 0002:00000060       __imp_DecodePointer        000000018000a060     kernel32:KERNEL32.dll
 0002:00000068       __imp_Sleep                000000018000a068     kernel32:KERNEL32.dll
 0002:00000070       __imp_TerminateProcess     000000018000a070     kernel32:KERNEL32.dll
 0002:00000078       __imp_GetCurrentProcess    000000018000a078     kernel32:KERNEL32.dll
 0002:00000080       __imp_EncodePointer        000000018000a080     kernel32:KERNEL32.dll
 0002:00000088       \177KERNEL32_NULL_THUNK_DATA 000000018000a088     kernel32:KERNEL32.dll
 0002:00000090       __imp__onexit              000000018000a090     MSVCRT:MSVCR100.dll
 0002:00000098       __imp___dllonexit          000000018000a098     MSVCRT:MSVCR100.dll
 0002:000000a0       __imp__unlock              000000018000a0a0     MSVCRT:MSVCR100.dll
 0002:000000a8       __imp___clean_type_info_names_internal 000000018000a0a8     MSVCRT:MSVCR100.dll
 0002:000000b0       __imp___crt_debugger_hook  000000018000a0b0     MSVCRT:MSVCR100.dll
 0002:000000b8       __imp___CppXcptFilter      000000018000a0b8     MSVCRT:MSVCR100.dll
 0002:000000c0       __imp___C_specific_handler 000000018000a0c0     MSVCRT:MSVCR100.dll
 0002:000000c8       __imp__amsg_exit           000000018000a0c8     MSVCRT:MSVCR100.dll
 0002:000000d0       __imp__encoded_null        000000018000a0d0     MSVCRT:MSVCR100.dll
 0002:000000d8       __imp_free                 000000018000a0d8     MSVCRT:MSVCR100.dll
 0002:000000e0       __imp__initterm_e          000000018000a0e0     MSVCRT:MSVCR100.dll
 0002:000000e8       __imp__initterm            000000018000a0e8     MSVCRT:MSVCR100.dll
 0002:000000f0       __imp__malloc_crt          000000018000a0f0     MSVCRT:MSVCR100.dll
 0002:000000f8       __imp_memcpy               000000018000a0f8     MSVCRT:MSVCR100.dll
 0002:00000100       __imp__lock                000000018000a100     MSVCRT:MSVCR100.dll
 0002:00000108       \177MSVCR100_NULL_THUNK_DATA 000000018000a108     MSVCRT:MSVCR100.dll
 0002:00000110       __imp_emlrtNameCapturePostProcessR2012a 000000018000a110     libemlrt:libemlrt.dll
 0002:00000118       __imp_emlrtCreateRootTLS   000000018000a118     libemlrt:libemlrt.dll
 0002:00000120       __imp_emlrtAddField        000000018000a120     libemlrt:libemlrt.dll
 0002:00000128       __imp_emlrtGetFieldR2013a  000000018000a128     libemlrt:libemlrt.dll
 0002:00000130       __imp_emlrtCheckStructR2012b 000000018000a130     libemlrt:libemlrt.dll
 0002:00000138       __imp_emlrtAliasP          000000018000a138     libemlrt:libemlrt.dll
 0002:00000140       __imp_emlrtFreeMex         000000018000a140     libemlrt:libemlrt.dll
 0002:00000148       __imp_emlrtHeapAllocationErrorR2012b 000000018000a148     libemlrt:libemlrt.dll
 0002:00000150       __imp_emlrtCallocMex       000000018000a150     libemlrt:libemlrt.dll
 0002:00000158       __imp_emlrtImportArrayR2011b 000000018000a158     libemlrt:libemlrt.dll
 0002:00000160       __imp_emlrtPushHeapReferenceStackR2012b 000000018000a160     libemlrt:libemlrt.dll
 0002:00000168       __imp_emlrtMallocMex       000000018000a168     libemlrt:libemlrt.dll
 0002:00000170       __imp_emlrtReturnArrayR2009a 000000018000a170     libemlrt:libemlrt.dll
 0002:00000178       __imp_emlrtErrMsgIdAndTxt  000000018000a178     libemlrt:libemlrt.dll
 0002:00000180       __imp_emlrtClearAllocCountR2012b 000000018000a180     libemlrt:libemlrt.dll
 0002:00000188       __imp_emlrtEnterRtStackR2012b 000000018000a188     libemlrt:libemlrt.dll
 0002:00000190       __imp_emlrtFirstTimeR2012b 000000018000a190     libemlrt:libemlrt.dll
 0002:00000198       __imp_emlrtCallMATLABR2012b 000000018000a198     libemlrt:libemlrt.dll
 0002:000001a0       __imp_emlrtCheckVsBuiltInR2012b 000000018000a1a0     libemlrt:libemlrt.dll
 0002:000001a8       __imp_emlrtCheckBuiltInR2012b 000000018000a1a8     libemlrt:libemlrt.dll
 0002:000001b0       __imp_emlrtDestroyArray    000000018000a1b0     libemlrt:libemlrt.dll
 0002:000001b8       __imp_emlrtHeapReferenceStackEnterFcnR2012b 000000018000a1b8     libemlrt:libemlrt.dll
 0002:000001c0       __imp_emlrtIntegerCheckR2012b 000000018000a1c0     libemlrt:libemlrt.dll
 0002:000001c8       __imp_emlrtDynamicBoundsCheckR2012b 000000018000a1c8     libemlrt:libemlrt.dll
 0002:000001d0       __imp_emlrtSizeEqCheck1DR2012b 000000018000a1d0     libemlrt:libemlrt.dll
 0002:000001d8       __imp_emlrtHeapReferenceStackLeaveFcnR2012b 000000018000a1d8     libemlrt:libemlrt.dll
 0002:000001e0       __imp_emlrtPushRtStackR2012b 000000018000a1e0     libemlrt:libemlrt.dll
 0002:000001e8       __imp_emlrtInitCharArrayR2013a 000000018000a1e8     libemlrt:libemlrt.dll
 0002:000001f0       __imp_emlrtAssign          000000018000a1f0     libemlrt:libemlrt.dll
 0002:000001f8       __imp_emlrtPopRtStackR2012b 000000018000a1f8     libemlrt:libemlrt.dll
 0002:00000200       __imp_emlrtLeaveRtStackR2012b 000000018000a200     libemlrt:libemlrt.dll
 0002:00000208       __imp_emlrtDestroyRootTLS  000000018000a208     libemlrt:libemlrt.dll
 0002:00000210       __imp_emlrtSizeMulR2012b   000000018000a210     libemlrt:libemlrt.dll
 0002:00000218       __imp_emlrtGetBreakCheckFlagAddressR2012b 000000018000a218     libemlrt:libemlrt.dll
 0002:00000220       __imp_emlrtAlias           000000018000a220     libemlrt:libemlrt.dll
 0002:00000228       \177libemlrt_NULL_THUNK_DATA 000000018000a228     libemlrt:libemlrt.dll
 0002:00000230       __imp_mexAtExit            000000018000a230     libmex:libmex.dll
 0002:00000238       \177libmex_NULL_THUNK_DATA 000000018000a238     libmex:libmex.dll
 0002:00000240       __imp_muDoubleScalarCeil   000000018000a240     libmwmathutil:libmwmathutil.dll
 0002:00000248       __imp_muDoubleScalarIsNaN  000000018000a248     libmwmathutil:libmwmathutil.dll
 0002:00000250       __imp_muDoubleScalarAbs    000000018000a250     libmwmathutil:libmwmathutil.dll
 0002:00000258       \177libmwmathutil_NULL_THUNK_DATA 000000018000a258     libmwmathutil:libmwmathutil.dll
 0002:00000260       __imp_mxCreateStructMatrix_700 000000018000a260     libmx:libmx.dll
 0002:00000268       __imp_mxCreateLogicalMatrix_700 000000018000a268     libmx:libmx.dll
 0002:00000270       __imp_mxSetFieldByNumber_700 000000018000a270     libmx:libmx.dll
 0002:00000278       __imp_mxCreateStructArray_700 000000018000a278     libmx:libmx.dll
 0002:00000280       __imp_mxCreateNumericMatrix_700 000000018000a280     libmx:libmx.dll
 0002:00000288       __imp_mxGetData            000000018000a288     libmx:libmx.dll
 0002:00000290       __imp_mxCreateDoubleScalar 000000018000a290     libmx:libmx.dll
 0002:00000298       __imp_mxCreateLogicalScalar 000000018000a298     libmx:libmx.dll
 0002:000002a0       __imp_mxCreateString       000000018000a2a0     libmx:libmx.dll
 0002:000002a8       __imp_mxCreateCharArray_700 000000018000a2a8     libmx:libmx.dll
 0002:000002b0       \177libmx_NULL_THUNK_DATA  000000018000a2b0     libmx:libmx.dll
 0002:000002b8       __xc_a                     000000018000a2b8     MSVCRT:cinitexe.obj
 0002:000002c0       __xc_z                     000000018000a2c0     MSVCRT:cinitexe.obj
 0002:000002c8       __xi_a                     000000018000a2c8     MSVCRT:cinitexe.obj
 0002:000002d8       __xi_z                     000000018000a2d8     MSVCRT:cinitexe.obj
 0002:000002e0       ??_C@_05KKCIMGE@error?$AA@ 000000018000a2e0     vibor_t_mexutil.obj
 0002:000002e8       ??_C@_07ONPBMBOP@message?$AA@ 000000018000a2e8     vibor_t_mexutil.obj
 0002:000002f0       ??_C@_03GJINMNGI@MdS?$AA@  000000018000a2f0     vibor_t.obj
 0002:000002f4       ??_C@_03CIHCOPNF@dVg?$AA@  000000018000a2f4     vibor_t.obj
 0002:000002f8       ??_C@_03EMBOCKNB@dVc?$AA@  000000018000a2f8     vibor_t.obj
 0002:000002fc       ??_C@_02MHMOHGM@Pw?$AA@    000000018000a2fc     vibor_t.obj
 0002:00000300       ??_C@_02EGLOPFDN@Pg?$AA@   000000018000a300     vibor_t.obj
 0002:00000304       ??_C@_02CCNCDADJ@Pc?$AA@   000000018000a304     vibor_t.obj
 0002:00000310       ??_C@_0EE@GFFEKKBK@C?3?1Program?5Files?1MATLAB?1R2013a?1t@ 000000018000a310     vibor_t.obj
 0002:00000354       ??_C@_03LJAEFNNE@max?$AA@  000000018000a354     vibor_t.obj
 0002:00000360       ??_C@_0EI@HLNEOOLK@C?3?1Program?5Files?1MATLAB?1R2013a?1t@ 000000018000a360     vibor_t.obj
 0002:000003a8       ??_C@_0M@LOJNOHOD@eml_li_find?$AA@ 000000018000a3a8     vibor_t.obj
 0002:000003c0       ??_C@_0FL@PMFAFPFJ@C?3?1Program?5Files?1MATLAB?1R2013a?1t@ 000000018000a3c0     vibor_t.obj
 0002:00000420       ??_C@_0BP@OEONONCM@eml_int_forloop_overflow_check?$AA@ 000000018000a420     vibor_t.obj
 0002:00000440       ??_C@_0EL@NLEDJIEP@C?3?1Program?5Files?1MATLAB?1R2013a?1t@ 000000018000a440     vibor_t.obj
 0002:00000490       ??_C@_0P@PAOJKEOI@eml_min_or_max?$AA@ 000000018000a490     vibor_t.obj
 0002:000004a0       ??_C@_0EE@CAFGOJJI@C?3?1Program?5Files?1MATLAB?1R2013a?1t@ 000000018000a4a0     vibor_t.obj
 0002:000004e4       ??_C@_03KLIPLJLL@min?$AA@  000000018000a4e4     vibor_t.obj
 0002:000004f0       ??_C@_0ED@EBMKBBGI@C?3?1Users?1LIK?1Documents?1MATLAB?1Tu@ 000000018000a4f0     vibor_t.obj
 0002:00000538       ??_C@_07FNBHECBC@vibor_t?$AA@ 000000018000a538     vibor_t.obj
 0002:00000620       ??_C@_0BC@DHBLDLOI@Assertion?5failed?4?$AA@ 000000018000a620     vibor_t.obj
 0002:00000638       __real@3f947ae147ae147b    000000018000a638     vibor_t.obj
 0002:00000640       __real@3ff0000000000000    000000018000a640     vibor_t.obj
 0002:00000650       ??_C@_0EC@NKEDJCMK@C?3?1Program?5Files?1MATLAB?1R2013a?1t@ 000000018000a650     abs.obj
 0002:00000694       ??_C@_03BCGAIFPO@abs?$AA@  000000018000a694     abs.obj
 0002:000006a0       ??_C@_0EE@GLCPKFDH@C?3?1Program?5Files?1MATLAB?1R2013a?1t@ 000000018000a6a0     rdivide.obj
 0002:000006e8       ??_C@_07EDECNBOH@rdivide?$AA@ 000000018000a6e8     rdivide.obj
 0002:00000708       ??_C@_02GIELDNKH@ng?$AA@   000000018000a708     vibor_t_api.obj
 0002:0000070c       ??_C@_02MCHPIKD@nc?$AA@    000000018000a70c     vibor_t_api.obj
 0002:00000710       ??_C@_02DOBBJKCB@na?$AA@   000000018000a710     vibor_t_api.obj
 0002:00000714       ??_C@_03MGBGLMJK@AGc?$AA@  000000018000a714     vibor_t_api.obj
 0002:00000718       ??_C@_03JFMPJPIK@AGr?$AA@  000000018000a718     vibor_t_api.obj
 0002:0000071c       ??_C@_03MBBPBEEG@ACc?$AA@  000000018000a71c     vibor_t_api.obj
 0002:00000720       ??_C@_03JCMGDHFG@ACr?$AA@  000000018000a720     vibor_t_api.obj
 0002:00000724       ??_C@_02DLLLIFMM@Gc?$AA@   000000018000a724     vibor_t_api.obj
 0002:00000728       ??_C@_02GIGCKGNM@Gr?$AA@   000000018000a728     vibor_t_api.obj
 0002:0000072c       ??_C@_02DMLCCNBA@Cc?$AA@   000000018000a72c     vibor_t_api.obj
 0002:00000730       ??_C@_02GPGLAOAA@Cr?$AA@   000000018000a730     vibor_t_api.obj
 0002:00000734       ??_C@_03OELGJLOB@Arc?$AA@  000000018000a734     vibor_t_api.obj
 0002:00000738       ??_C@_02BJBLKCLH@rc?$AA@   000000018000a738     vibor_t_api.obj
 0002:0000073c       ??_C@_02IGCIGBLK@dl?$AA@   000000018000a73c     vibor_t_api.obj
 0002:00000740       ??_C@_03KAOCKBKH@Sc2?$AA@  000000018000a740     vibor_t_api.obj
 0002:00000744       ??_C@_03MHCFAGAK@Fc2?$AA@  000000018000a744     vibor_t_api.obj
 0002:00000748       ??_C@_02DKHJOPPL@Fc?$AA@   000000018000a748     vibor_t_api.obj
 0002:0000074c       ??_C@_02JBMFAICL@Bo?$AA@   000000018000a74c     vibor_t_api.obj
 0002:00000750       ??_C@_02BHAIPDAP@zc?$AA@   000000018000a750     vibor_t_api.obj
 0002:00000754       ??_C@_02DCKBHMKI@Kc?$AA@   000000018000a754     vibor_t_api.obj
 0002:00000758       ??_C@_02OCEEKELO@dh?$AA@   000000018000a758     vibor_t_api.obj
 0002:0000075c       ??_C@_02FNFNGMIC@Cp?$AA@   000000018000a75c     vibor_t_api.obj
 0002:00000760       ??_C@_03DGANNMKF@lam?$AA@  000000018000a760     vibor_t_api.obj
 0002:00000764       ??_C@_03EKNLKKFC@bet?$AA@  000000018000a764     vibor_t_api.obj
 0002:00000768       ??_C@_02INODKLFL@Ro?$AA@   000000018000a768     vibor_t_api.obj
 0002:0000076c       ??_C@_03BMPHPNN@ndt?$AA@   000000018000a76c     vibor_t_api.obj
 0002:00000770       ??_C@_02EDDPJOD@dt?$AA@    000000018000a770     vibor_t_api.obj
 0002:00000774       ??_C@_02BHONPKGH@Ta?$AA@   000000018000a774     vibor_t_api.obj
 0002:00000778       ??_C@_02HOKIKMBC@Ns?$AA@   000000018000a778     vibor_t_api.obj
 0002:0000077c       ??_C@_02BCPJPDCN@mu?$AA@   000000018000a77c     vibor_t_api.obj
 0002:00000780       ??_C@_02DDDIAJFA@tw?$AA@   000000018000a780     vibor_t_api.obj
 0002:00000784       ??_C@_02FHFEMMFE@ts?$AA@   000000018000a784     vibor_t_api.obj
 0002:00000788       ??_C@_02CJNFGIML@aw?$AA@   000000018000a788     vibor_t_api.obj
 0002:0000078c       ??_C@_02ENLJKNMP@as?$AA@   000000018000a78c     vibor_t_api.obj
 0002:00000790       ??_C@_02LDPCKCIM@Nl?$AA@   000000018000a790     vibor_t_api.obj
 0002:00000793       ??_C@_00CNPNBAHC@?$AA@     000000018000a793     vibor_t_api.obj
 0002:00000798       ??_C@_0M@EAEABPKH@vibor_t_api?$AA@ 000000018000a798     vibor_t_api.obj
 0002:000007b0       ??_C@_0FA@BCFOBJKC@?$FLILXE?$FN$matlabroot$?1toolbox?1eml?1l@ 000000018000a7b0     vibor_t_api.obj
 0002:00000800       ??_C@_0EB@NCIHPOOF@?$FLILXE?$FN$matlabroot$?1toolbox?1eml?1l@ 000000018000a800     vibor_t_api.obj
 0002:00000848       ??_C@_0BB@PACNMNAE@eml_isequal_core?$AA@ 000000018000a848     vibor_t_api.obj
 0002:00000860       ??_C@_0DK@ENDCOJGF@?$FLILXE?$FN$matlabroot$?1toolbox?1eml?1l@ 000000018000a860     vibor_t_api.obj
 0002:000008a0       ??_C@_07MIMONDDE@isequal?$AA@ 000000018000a8a0     vibor_t_api.obj
 0002:000008b0       ??_C@_0EC@FOBJIPAB@?$FLILXE?$FN$matlabroot$?1toolbox?1eml?1l@ 000000018000a8b0     vibor_t_api.obj
 0002:000008f8       ??_C@_0BA@LOGEJEPK@eml_scalar_ceil?$AA@ 000000018000a8f8     vibor_t_api.obj
 0002:00000908       ??_C@_0DH@EIIGMJDC@?$FLILXE?$FN$matlabroot$?1toolbox?1eml?1l@ 000000018000a908     vibor_t_api.obj
 0002:00000940       ??_C@_04GFPJNGEK@ceil?$AA@ 000000018000a940     vibor_t_api.obj
 0002:00000948       ??_C@_0DH@LODENFNP@?$FLILXE?$FN$matlabroot$?1toolbox?1eml?1l@ 000000018000a948     vibor_t_api.obj
 0002:00000980       ??_C@_06PCBFLGP@mtimes?$AA@ 000000018000a980     vibor_t_api.obj
 0002:00000988       ??_C@_0DI@GANAMGFL@?$FLILXE?$FN$matlabroot$?1toolbox?1eml?1l@ 000000018000a988     vibor_t_api.obj
 0002:000009c0       ??_C@_07KHOFHKNM@eml_div?$AA@ 000000018000a9c0     vibor_t_api.obj
 0002:000009d0       ??_C@_0EH@ELBOGDPJ@?$FLILXE?$FN$matlabroot$?1toolbox?1eml?1l@ 000000018000a9d0     vibor_t_api.obj
 0002:00000a18       ??_C@_0BH@LFDIDDBI@eml_scalexp_compatible?$AA@ 000000018000aa18     vibor_t_api.obj
 0002:00000a30       ??_C@_0DJ@LGGCAFOA@?$FLILXE?$FN$matlabroot$?1toolbox?1eml?1l@ 000000018000aa30     vibor_t_api.obj
 0002:00000a70       ??_C@_08GNEFHMND@mrdivide?$AA@ 000000018000aa70     vibor_t_api.obj
 0002:00000a80       ??_C@_0DI@EMINNGDL@?$FLILXE?$FN$matlabroot$?1toolbox?1eml?1l@ 000000018000aa80     vibor_t_api.obj
 0002:00000ab8       ??_C@_0DI@ECPGNJBG@?$FLILXE?$FN$matlabroot$?1toolbox?1eml?1l@ 000000018000aab8     vibor_t_api.obj
 0002:00000af0       ??_C@_0EK@DAIIEKFK@?$FLILXE?$FN$matlabroot$?1toolbox?1eml?1l@ 000000018000aaf0     vibor_t_api.obj
 0002:00000b40       ??_C@_0DM@CMPJFBOP@?$FLILXE?$FN$matlabroot$?1toolbox?1eml?1l@ 000000018000ab40     vibor_t_api.obj
 0002:00000b80       ??_C@_0EB@JMHDJNBF@?$FLILXE?$FN$matlabroot$?1toolbox?1eml?1l@ 000000018000ab80     vibor_t_api.obj
 0002:00000bc8       ??_C@_0P@DEOLODNE@eml_scalar_abs?$AA@ 000000018000abc8     vibor_t_api.obj
 0002:00000bd8       ??_C@_0DG@GPPKOLMK@?$FLILXE?$FN$matlabroot$?1toolbox?1eml?1l@ 000000018000abd8     vibor_t_api.obj
 0002:00000c10       ??_C@_0DK@NBBBHAFE@?$FLILXE?$FN$matlabroot$?1toolbox?1eml?1l@ 000000018000ac10     vibor_t_api.obj
 0002:00000c50       ??_C@_0BA@DMFOHEOD@function_handle?$AA@ 000000018000ac50     vibor_t_api.obj
 0002:00000c60       ??_C@_09NODCPLED@eml_relop?$AA@ 000000018000ac60     vibor_t_api.obj
 0002:00000c70       ??_C@_0DJ@PBLDDNNK@?$FLILXE?$FN$matlabroot$?1toolbox?1eml?1l@ 000000018000ac70     vibor_t_api.obj
 0002:00000cac       ??_C@_06CFKOHMKF@intmax?$AA@ 000000018000acac     vibor_t_api.obj
 0002:00000cc0       ??_C@_0HF@KHPAKDPE@?$FLILXE?$FN$matlabroot$?1toolbox?1eml?1l@ 000000018000acc0     vibor_t_api.obj
 0002:00000d40       ??_C@_0EP@LONMACPJ@?$FLILXE?$FN$matlabroot$?1toolbox?1eml?1l@ 000000018000ad40     vibor_t_api.obj
 0002:00000d90       ??_C@_0P@DJHCLAEH@eml_index_plus?$AA@ 000000018000ad90     vibor_t_api.obj
 0002:00000da0       ??_C@_0DI@NOGOOKFE@?$FLILXE?$FN$matlabroot$?1toolbox?1eml?1l@ 000000018000ada0     vibor_t_api.obj
 0002:00000dd8       ??_C@_05LGCGPNNP@isnan?$AA@ 000000018000add8     vibor_t_api.obj
 0002:00000de0       ??_C@_0DP@JHLGJKEB@?$FLILXE?$FN$matlabroot$?1toolbox?1eml?1l@ 000000018000ade0     vibor_t_api.obj
 0002:00000e20       ??_C@_04ENMBGAPA@char?$AA@ 000000018000ae20     vibor_t_api.obj
 0002:00000e28       ??_C@_0BI@MOBBIOAA@coder?4internal?4indexInt?$AA@ 000000018000ae28     vibor_t_api.obj
 0002:00000e40       ??_C@_0FA@NLJKFOCK@?$FLILXE?$FN$matlabroot$?1toolbox?1eml?1l@ 000000018000ae40     vibor_t_api.obj
 0002:00000e90       ??_C@_0DO@FIFFNPJ@?$FLILXE?$FN$matlabroot$?1toolbox?1eml?1l@ 000000018000ae90     vibor_t_api.obj
 0002:00000ed0       ??_C@_0O@DGEIFEHG@eml_scalar_eg?$AA@ 000000018000aed0     vibor_t_api.obj
 0002:00000ee0       ??_C@_0EL@PHDBKCJB@?$FLILXE?$FN$matlabroot$?1toolbox?1eml?1l@ 000000018000aee0     vibor_t_api.obj
 0002:00000f30       ??_C@_0BL@CDOFOJKC@eml_const_nonsingleton_dim?$AA@ 000000018000af30     vibor_t_api.obj
 0002:00000f50       ??_C@_0DP@KEPDCHIB@?$FLILXE?$FN$matlabroot$?1toolbox?1eml?1l@ 000000018000af50     vibor_t_api.obj
 0002:00000f90       ??_C@_0DI@JIPJFLJ@?$FLILXE?$FN$matlabroot$?1toolbox?1eml?1l@ 000000018000af90     vibor_t_api.obj
 0002:00000fd0       ??_C@_0EA@GLIAMHNI@?$FLILXE?$FN$matlabroot$?1toolbox?1eml?1l@ 000000018000afd0     vibor_t_api.obj
 0002:00001010       ??_C@_0BA@LGKKDMEL@eml_index_class?$AA@ 000000018000b010     vibor_t_api.obj
 0002:00001020       ??_C@_0EG@ONDOOCGF@?$FLE?$FNC?3?1Users?1LIK?1Documents?1MATLAB@ 000000018000b020     vibor_t_api.obj
 0002:00001070       ??_C@_0EM@LIFKDPLC@?$FLILXE?$FN$matlabroot$?1toolbox?1eml?1l@ 000000018000b070     vibor_t_api.obj
 0002:000010bc       ??_C@_06BNJCAIGJ@double?$AA@ 000000018000b0bc     vibor_t_api.obj
 0002:000010c8       ??_C@_0M@FMAJFPGC@mFileTimeHi?$AA@ 000000018000b0c8     vibor_t_api.obj
 0002:000010d8       ??_C@_0M@NFKFADI@mFileTimeLo?$AA@ 000000018000b0d8     vibor_t_api.obj
 0002:000010e8       ??_C@_0L@HMDKMKNA@fileTimeHi?$AA@ 000000018000b0e8     vibor_t_api.obj
 0002:000010f8       ??_C@_0L@CNGJMFIK@fileTimeLo?$AA@ 000000018000b0f8     vibor_t_api.obj
 0002:00001108       ??_C@_08CGJBBLIA@resolved?$AA@ 000000018000b108     vibor_t_api.obj
 0002:00001118       ??_C@_0N@IGLAPNJK@dominantType?$AA@ 000000018000b118     vibor_t_api.obj
 0002:00001128       ??_C@_04MEMAJGDJ@name?$AA@ 000000018000b128     vibor_t_api.obj
 0002:00001130       ??_C@_07JKKCBBMM@context?$AA@ 000000018000b130     vibor_t_api.obj
 0002:00001138       ??_C@_05ICGFHFEE@j_ndt?$AA@ 000000018000b138     vibor_t_api.obj
 0002:00001140       ??_C@_01KBJDNOO@i?$AA@     000000018000b140     vibor_t_api.obj
 0002:00001144       ??_C@_03HENCECCH@WoG?$AA@  000000018000b144     vibor_t_api.obj
 0002:00001148       ??_C@_03BALOIHCD@WoC?$AA@  000000018000b148     vibor_t_api.obj
 0002:0000114c       ??_C@_03BCPAEBJN@W1G?$AA@  000000018000b14c     vibor_t_api.obj
 0002:00001150       ??_C@_03HGJMIEJJ@W1C?$AA@  000000018000b150     vibor_t_api.obj
 0002:00001154       ??_C@_02CJKHLNKB@GL?$AA@   000000018000b154     vibor_t_api.obj
 0002:00001158       ??_C@_02COKOBFHN@CL?$AA@   000000018000b158     vibor_t_api.obj
 0002:0000115c       ??_C@_03LLMNKKAL@Sw2?$AA@  000000018000b15c     vibor_t_api.obj
 0002:00001160       ??_C@_03JAOAPJMI@Sw1?$AA@  000000018000b160     vibor_t_api.obj
 0002:00001164       ??_C@_02LENCMAPF@RC?$AA@   000000018000b164     vibor_t_api.obj
 0002:00001168       ??_C@_02OEIPDHIL@PR?$AA@   000000018000b168     vibor_t_api.obj
 0002:0000116c       ??_C@_02IFKMLFNE@fl?$AA@   000000018000b16c     vibor_t_api.obj
 0002:00001170       ??_C@_0CF@OIONOIOI@EMLRT?3runTime?3TooManyOutputArgum@ 000000018000b170     vibor_t_mex.obj
 0002:00001198       ??_C@_0CC@IMHDKEMC@EMLRT?3runTime?3WrongNumberOfInput@ 000000018000b198     vibor_t_mex.obj
 0002:000011c0       ??_C@_0BD@BMDBANMC@8?41?40?4604?5?$CIR2013a?$CJ?$AA@ 000000018000b1c0     vibor_t_mex.obj
 0002:000011d8       __real@4008000000000000    000000018000b1d8     vibor_t_mex.obj
 0002:000011e0       __real@4034000000000000    000000018000b1e0     vibor_t_mex.obj
 0002:000011e8       ??_C@_0P@FDPDNMBC@ConstantInputs?$AA@ 000000018000b1e8     vibor_t_mex.obj
 0002:000011f8       ??_C@_0BA@HBLCOFA@NumberOfOutputs?$AA@ 000000018000b1f8     vibor_t_mex.obj
 0002:00001208       ??_C@_0P@DJPKAEOC@NumberOfInputs?$AA@ 000000018000b208     vibor_t_mex.obj
 0002:00001218       ??_C@_04FABLJDN@Name?$AA@  000000018000b218     vibor_t_mex.obj
 0002:00001220       ??_C@_0M@HOOGCLMJ@EntryPoints?$AA@ 000000018000b220     vibor_t_mex.obj
 0002:00001230       ??_C@_0BC@PFKIGKIM@ResolvedFunctions?$AA@ 000000018000b230     vibor_t_mex.obj
 0002:00001248       ??_C@_07NGFJPNPN@Version?$AA@ 000000018000b248     vibor_t_mex.obj
 0002:00001250       _pDefaultRawDllMain        000000018000b250     MSVCRT:crtdll.obj
 0002:00001250       _pRawDllMain               000000018000b250     MSVCRT:crtdll.obj
 0002:00001268       __rtc_iaa                  000000018000b268     MSVCRT:_initsect_.obj
 0002:00001270       __rtc_izz                  000000018000b270     MSVCRT:_initsect_.obj
 0002:00001278       __rtc_taa                  000000018000b278     MSVCRT:_initsect_.obj
 0002:00001280       __rtc_tzz                  000000018000b280     MSVCRT:_initsect_.obj
 0002:000015b8       __IMPORT_DESCRIPTOR_libmx  000000018000b5b8     libmx:libmx.dll
 0002:000015cc       __IMPORT_DESCRIPTOR_libmex 000000018000b5cc     libmex:libmex.dll
 0002:000015e0       __IMPORT_DESCRIPTOR_libemlrt 000000018000b5e0     libemlrt:libemlrt.dll
 0002:000015f4       __IMPORT_DESCRIPTOR_libmwmathutil 000000018000b5f4     libmwmathutil:libmwmathutil.dll
 0002:00001608       __IMPORT_DESCRIPTOR_MSVCR100 000000018000b608     MSVCRT:MSVCR100.dll
 0002:0000161c       __IMPORT_DESCRIPTOR_KERNEL32 000000018000b61c     kernel32:KERNEL32.dll
 0002:00001630       __NULL_IMPORT_DESCRIPTOR   000000018000b630     libmx:libmx.dll
 0003:00000b00       emlrtContextGlobal         000000018000db00     vibor_t_mex.obj
 0003:00000b40       __security_cookie          000000018000db40     MSVCRT:gs_cookie.obj
 0003:00000b48       __security_cookie_complement 000000018000db48     MSVCRT:gs_cookie.obj
 0003:00000b50       _fltused                   000000018000db50     MSVCRT:dllsupp.obj
 0003:00000b54       __native_dllmain_reason    000000018000db54     MSVCRT:natstart.obj
 0003:00000b58       __native_vcclrit_reason    000000018000db58     MSVCRT:natstart.obj
 0003:00000b68       emlrtRootTLSGlobal         000000018000db68     vibor_t_mex.obj
 0003:000010f0       ?__type_info_root_node@@3U__type_info_node@@A 000000018000e0f0     MSVCRT:tncleanup.obj
 0003:00001100       __native_startup_state     000000018000e100     <common>
 0003:00001108       __native_startup_lock      000000018000e108     <common>
 0003:00001110       __onexitend                000000018000e110     <common>
 0003:00001118       __onexitbegin              000000018000e118     <common>
 0003:00001120       __dyn_tls_init_callback    000000018000e120     <common>

 entry point at        0001:00007f90

 Static symbols

 0001:00000170       check_forloop_overflow_error 0000000180001170 f   vibor_t.obj
 0001:00000340       eml_li_find                0000000180001340 f   vibor_t.obj
 0001:000045e0       info_helper                00000001800055e0 f   vibor_t_api.obj
 0001:00004e20       u_emlrt_marshallIn         0000000180005e20 f   vibor_t_api.obj
 0001:00004f00       w_emlrt_marshallIn         0000000180005f00 f   vibor_t_api.obj
 0001:00005320       emlrt_marshallIn           0000000180006320 f   vibor_t_api.obj
 0001:000053d0       c_emlrt_marshallIn         00000001800063d0 f   vibor_t_api.obj
 0001:000054c0       f_emlrt_marshallIn         00000001800064c0 f   vibor_t_api.obj
 0001:00006200       k_emlrt_marshallIn         0000000180007200 f   vibor_t_api.obj
 0001:000076c0       vibor_t_mexFunction        00000001800086c0 f   vibor_t_mex.obj
 0001:00007b98       pre_c_init                 0000000180008b98 f   MSVCRT:crtdll.obj
 0001:00007e54       __DllMainCRTStartup        0000000180008e54 f   MSVCRT:crtdll.obj
 0001:00008450       __DllMainCRTStartup$filt$0 0000000180009450 f   MSVCRT:crtdll.obj
 0001:00008480       __DllMainCRTStartup$fin$1  0000000180009480 f   MSVCRT:crtdll.obj
 0001:0000849a       _onexit$fin$0              000000018000949a f   MSVCRT:atonexit.obj
 0001:000084c0       _IsNonwritableInCurrentImage$filt$0 00000001800094c0 f   MSVCRT:pesect.obj
