 vibor_t_mex

 Timestamp is 53e9cb51 (Tue Aug 12 14:07:45 2014)

 Preferred load address is 0000000180000000

 Start         Length     Name                   Class
 0001:00000000 00008ab2H .text                   CODE
 0001:00008ac0 00000092H .text$x                 CODE
 0002:00000000 000002c8H .idata$5                DATA
 0002:000002c8 00000008H .CRT$XCA                DATA
 0002:000002d0 00000008H .CRT$XCZ                DATA
 0002:000002d8 00000008H .CRT$XIA                DATA
 0002:000002e0 00000008H .CRT$XIAA               DATA
 0002:000002e8 00000008H .CRT$XIZ                DATA
 0002:000002f0 00000f90H .rdata                  DATA
 0002:00001280 00000008H .rtc$IAA                DATA
 0002:00001288 00000008H .rtc$IZZ                DATA
 0002:00001290 00000008H .rtc$TAA                DATA
 0002:00001298 00000008H .rtc$TZZ                DATA
 0002:000012a0 00000330H .xdata                  DATA
 0002:000015d0 00000078H .idata$2                DATA
 0002:00001648 00000014H .idata$3                DATA
 0002:00001660 000002c8H .idata$4                DATA
 0002:00001928 00000798H .idata$6                DATA
 0002:000020c0 000000bcH .edata                  DATA
 0003:00000000 00000bfcH .data                   DATA
 0003:00000c00 000005c8H .bss                    DATA
 0004:00000000 000002b8H .pdata                  DATA

  Address         Publics by Value              Rva+Base               Lib:Object

 0000:00000000       ___safe_se_handler_table   0000000000000000     <absolute>
 0000:00000000       ___safe_se_handler_count   0000000000000000     <absolute>
 0000:00000000       __ImageBase                0000000180000000     <linker-defined>
 0001:00000000       error                      0000000180001000 f   vibor_t_mexutil.obj
 0001:00000050       message                    0000000180001050 f   vibor_t_mexutil.obj
 0001:000000a0       vibor_t_initialize         00000001800010a0 f   vibor_t_initialize.obj
 0001:00000100       vibor_t_atexit             0000000180001100 f   vibor_t_terminate.obj
 0001:00000150       vibor_t_terminate          0000000180001150 f   vibor_t_terminate.obj
 0001:00000550       vibor_t                    0000000180001550 f   vibor_t.obj
 0001:00004870       b_abs                      0000000180005870 f   abs.obj
 0001:00004900       rdivide                    0000000180005900 f   rdivide.obj
 0001:000056f0       emlrtMexFcnResolvedFunctionsInfo 00000001800066f0 f   vibor_t_api.obj
 0001:000070f0       vibor_t_api                00000001800080f0 f   vibor_t_api.obj
 0001:00007800       emxEnsureCapacity          0000000180008800 f   vibor_t_emxutil.obj
 0001:00007910       emxFree_real_T             0000000180008910 f   vibor_t_emxutil.obj
 0001:00007910       emxFree_boolean_T          0000000180008910 f   vibor_t_emxutil.obj
 0001:00007910       emxFree_int32_T            0000000180008910 f   vibor_t_emxutil.obj
 0001:00007950       emxInit_real_T             0000000180008950 f   vibor_t_emxutil.obj
 0001:00007950       emxInit_boolean_T          0000000180008950 f   vibor_t_emxutil.obj
 0001:00007950       b_emxInit_real_T           0000000180008950 f   vibor_t_emxutil.obj
 0001:00007950       emxInit_int32_T            0000000180008950 f   vibor_t_emxutil.obj
 0001:00007950       b_emxInit_boolean_T        0000000180008950 f   vibor_t_emxutil.obj
 0001:00007a20       emxFreeStruct_struct_T     0000000180008a20 f   vibor_t_emxutil.obj
 0001:00007c20       emxInitStruct_struct_T     0000000180008c20 f   vibor_t_emxutil.obj
 0001:00007e50       vibor_t_atexit_wrapper     0000000180008e50 f   vibor_t_mex.obj
 0001:00007e60       mexFunction                0000000180008e60 f   vibor_t_mex.obj
 0001:00007eb0       emlrtMexFcnProperties      0000000180008eb0 f   vibor_t_mex.obj
 0001:0000800c       mxCreateCharArray_700      000000018000900c f   libmx:libmx.dll
 0001:00008012       mxCreateString             0000000180009012 f   libmx:libmx.dll
 0001:00008018       mxCreateLogicalScalar      0000000180009018 f   libmx:libmx.dll
 0001:0000801e       mxGetData                  000000018000901e f   libmx:libmx.dll
 0001:00008024       mxCreateDoubleScalar       0000000180009024 f   libmx:libmx.dll
 0001:0000802a       mxCreateNumericMatrix_700  000000018000902a f   libmx:libmx.dll
 0001:00008030       mxCreateStructArray_700    0000000180009030 f   libmx:libmx.dll
 0001:00008036       mxSetFieldByNumber_700     0000000180009036 f   libmx:libmx.dll
 0001:0000803c       mxCreateLogicalMatrix_700  000000018000903c f   libmx:libmx.dll
 0001:00008042       mxCreateStructMatrix_700   0000000180009042 f   libmx:libmx.dll
 0001:00008048       mexAtExit                  0000000180009048 f   libmex:libmex.dll
 0001:0000804e       emlrtCallMATLABR2012b      000000018000904e f   libemlrt:libemlrt.dll
 0001:00008054       emlrtFirstTimeR2012b       0000000180009054 f   libemlrt:libemlrt.dll
 0001:0000805a       emlrtEnterRtStackR2012b    000000018000905a f   libemlrt:libemlrt.dll
 0001:00008060       emlrtClearAllocCountR2012b 0000000180009060 f   libemlrt:libemlrt.dll
 0001:00008066       emlrtCreateRootTLS         0000000180009066 f   libemlrt:libemlrt.dll
 0001:0000806c       emlrtGetBreakCheckFlagAddressR2012b 000000018000906c f   libemlrt:libemlrt.dll
 0001:00008072       emlrtDestroyRootTLS        0000000180009072 f   libemlrt:libemlrt.dll
 0001:00008078       emlrtLeaveRtStackR2012b    0000000180009078 f   libemlrt:libemlrt.dll
 0001:0000807e       emlrtPopRtStackR2012b      000000018000907e f   libemlrt:libemlrt.dll
 0001:00008084       emlrtAssign                0000000180009084 f   libemlrt:libemlrt.dll
 0001:0000808a       emlrtInitCharArrayR2013a   000000018000908a f   libemlrt:libemlrt.dll
 0001:00008090       emlrtPushRtStackR2012b     0000000180009090 f   libemlrt:libemlrt.dll
 0001:00008096       emlrtHeapReferenceStackLeaveFcnR2012b 0000000180009096 f   libemlrt:libemlrt.dll
 0001:0000809c       emlrtSizeEqCheckNDR2012b   000000018000909c f   libemlrt:libemlrt.dll
 0001:000080a2       emlrtMatrixMatrixIndexCheckR2012b 00000001800090a2 f   libemlrt:libemlrt.dll
 0001:000080a8       emlrtSizeEqCheck1DR2012b   00000001800090a8 f   libemlrt:libemlrt.dll
 0001:000080ae       emlrtDynamicBoundsCheckR2012b 00000001800090ae f   libemlrt:libemlrt.dll
 0001:000080b4       emlrtIntegerCheckR2012b    00000001800090b4 f   libemlrt:libemlrt.dll
 0001:000080ba       emlrtHeapReferenceStackEnterFcnR2012b 00000001800090ba f   libemlrt:libemlrt.dll
 0001:000080c0       emlrtDestroyArray          00000001800090c0 f   libemlrt:libemlrt.dll
 0001:000080c6       emlrtImportArrayR2011b     00000001800090c6 f   libemlrt:libemlrt.dll
 0001:000080cc       emlrtCheckVsBuiltInR2012b  00000001800090cc f   libemlrt:libemlrt.dll
 0001:000080d2       emlrtAlias                 00000001800090d2 f   libemlrt:libemlrt.dll
 0001:000080d8       emlrtCheckBuiltInR2012b    00000001800090d8 f   libemlrt:libemlrt.dll
 0001:000080de       emlrtNameCapturePostProcessR2012a 00000001800090de f   libemlrt:libemlrt.dll
 0001:000080e4       emlrtAddField              00000001800090e4 f   libemlrt:libemlrt.dll
 0001:000080ea       emlrtGetFieldR2013a        00000001800090ea f   libemlrt:libemlrt.dll
 0001:000080f0       emlrtCheckStructR2012b     00000001800090f0 f   libemlrt:libemlrt.dll
 0001:000080f6       emlrtAliasP                00000001800090f6 f   libemlrt:libemlrt.dll
 0001:000080fc       emlrtFreeMex               00000001800090fc f   libemlrt:libemlrt.dll
 0001:00008102       emlrtHeapAllocationErrorR2012b 0000000180009102 f   libemlrt:libemlrt.dll
 0001:00008108       emlrtCallocMex             0000000180009108 f   libemlrt:libemlrt.dll
 0001:0000810e       emlrtSizeMulR2012b         000000018000910e f   libemlrt:libemlrt.dll
 0001:00008114       emlrtPushHeapReferenceStackR2012b 0000000180009114 f   libemlrt:libemlrt.dll
 0001:0000811a       emlrtMallocMex             000000018000911a f   libemlrt:libemlrt.dll
 0001:00008120       emlrtReturnArrayR2009a     0000000180009120 f   libemlrt:libemlrt.dll
 0001:00008126       emlrtErrMsgIdAndTxt        0000000180009126 f   libemlrt:libemlrt.dll
 0001:0000812c       muDoubleScalarCeil         000000018000912c f   libmwmathutil:libmwmathutil.dll
 0001:00008132       muDoubleScalarIsNaN        0000000180009132 f   libmwmathutil:libmwmathutil.dll
 0001:00008138       muDoubleScalarAbs          0000000180009138 f   libmwmathutil:libmwmathutil.dll
 0001:00008140       __GSHandlerCheckCommon     0000000180009140 f   MSVCRT:gshandler.obj
 0001:000081a4       __GSHandlerCheck           00000001800091a4 f   MSVCRT:gshandler.obj
 0001:000081e0       __security_check_cookie    00000001800091e0 f   MSVCRT:amdsecgs.obj
 0001:00008200       memcpy                     0000000180009200 f   MSVCRT:MSVCR100.dll
 0001:00008268       _CRT_INIT                  0000000180009268 f   MSVCRT:crtdll.obj
 0001:00008600       _DllMainCRTStartup         0000000180009600 f   MSVCRT:crtdll.obj
 0001:00008640       __report_gsfailure         0000000180009640 f   MSVCRT:gs_report.obj
 0001:0000878c       __clean_type_info_names    000000018000978c f   MSVCRT:tncleanup.obj
 0001:00008798       _onexit                    0000000180009798 f   MSVCRT:atonexit.obj
 0001:00008848       atexit                     0000000180009848 f   MSVCRT:atonexit.obj
 0001:00008860       _RTC_Initialize            0000000180009860 f   MSVCRT:_initsect_.obj
 0001:00008898       _RTC_Terminate             0000000180009898 f   MSVCRT:_initsect_.obj
 0001:000088d0       _ValidateImageBase         00000001800098d0 f   MSVCRT:pesect.obj
 0001:00008900       _FindPESection             0000000180009900 f   MSVCRT:pesect.obj
 0001:00008950       _IsNonwritableInCurrentImage 0000000180009950 f   MSVCRT:pesect.obj
 0001:00008992       _initterm                  0000000180009992 f   MSVCRT:MSVCR100.dll
 0001:00008998       _initterm_e                0000000180009998 f   MSVCRT:MSVCR100.dll
 0001:0000899e       _amsg_exit                 000000018000999e f   MSVCRT:MSVCR100.dll
 0001:000089a4       __C_specific_handler       00000001800099a4 f   MSVCRT:MSVCR100.dll
 0001:000089aa       __CppXcptFilter            00000001800099aa f   MSVCRT:MSVCR100.dll
 0001:000089b0       DllMain                    00000001800099b0 f   MSVCRT:dllmain.obj
 0001:000089d4       __security_init_cookie     00000001800099d4 f   MSVCRT:gs_support.obj
 0001:00008a88       __crt_debugger_hook        0000000180009a88 f   MSVCRT:MSVCR100.dll
 0001:00008a8e       __clean_type_info_names_internal 0000000180009a8e f   MSVCRT:MSVCR100.dll
 0001:00008a94       _unlock                    0000000180009a94 f   MSVCRT:MSVCR100.dll
 0001:00008a9a       __dllonexit                0000000180009a9a f   MSVCRT:MSVCR100.dll
 0001:00008aa0       _lock                      0000000180009aa0 f   MSVCRT:MSVCR100.dll
 0001:00008aa6       RtlVirtualUnwind           0000000180009aa6 f   kernel32:KERNEL32.dll
 0001:00008aac       RtlLookupFunctionEntry     0000000180009aac f   kernel32:KERNEL32.dll
 0002:00000000       __imp_GetSystemTimeAsFileTime 000000018000a000     kernel32:KERNEL32.dll
 0002:00000008       __imp_GetCurrentProcessId  000000018000a008     kernel32:KERNEL32.dll
 0002:00000010       __imp_GetCurrentThreadId   000000018000a010     kernel32:KERNEL32.dll
 0002:00000018       __imp_GetTickCount         000000018000a018     kernel32:KERNEL32.dll
 0002:00000020       __imp_QueryPerformanceCounter 000000018000a020     kernel32:KERNEL32.dll
 0002:00000028       __imp_DisableThreadLibraryCalls 000000018000a028     kernel32:KERNEL32.dll
 0002:00000030       __imp_RtlCaptureContext    000000018000a030     kernel32:KERNEL32.dll
 0002:00000038       __imp_RtlLookupFunctionEntry 000000018000a038     kernel32:KERNEL32.dll
 0002:00000040       __imp_RtlVirtualUnwind     000000018000a040     kernel32:KERNEL32.dll
 0002:00000048       __imp_IsDebuggerPresent    000000018000a048     kernel32:KERNEL32.dll
 0002:00000050       __imp_SetUnhandledExceptionFilter 000000018000a050     kernel32:KERNEL32.dll
 0002:00000058       __imp_UnhandledExceptionFilter 000000018000a058     kernel32:KERNEL32.dll
 0002:00000060       __imp_DecodePointer        000000018000a060     kernel32:KERNEL32.dll
 0002:00000068       __imp_Sleep                000000018000a068     kernel32:KERNEL32.dll
 0002:00000070       __imp_TerminateProcess     000000018000a070     kernel32:KERNEL32.dll
 0002:00000078       __imp_GetCurrentProcess    000000018000a078     kernel32:KERNEL32.dll
 0002:00000080       __imp_EncodePointer        000000018000a080     kernel32:KERNEL32.dll
 0002:00000088       \177KERNEL32_NULL_THUNK_DATA 000000018000a088     kernel32:KERNEL32.dll
 0002:00000090       __imp__onexit              000000018000a090     MSVCRT:MSVCR100.dll
 0002:00000098       __imp___dllonexit          000000018000a098     MSVCRT:MSVCR100.dll
 0002:000000a0       __imp__unlock              000000018000a0a0     MSVCRT:MSVCR100.dll
 0002:000000a8       __imp___clean_type_info_names_internal 000000018000a0a8     MSVCRT:MSVCR100.dll
 0002:000000b0       __imp___crt_debugger_hook  000000018000a0b0     MSVCRT:MSVCR100.dll
 0002:000000b8       __imp___CppXcptFilter      000000018000a0b8     MSVCRT:MSVCR100.dll
 0002:000000c0       __imp___C_specific_handler 000000018000a0c0     MSVCRT:MSVCR100.dll
 0002:000000c8       __imp__amsg_exit           000000018000a0c8     MSVCRT:MSVCR100.dll
 0002:000000d0       __imp__encoded_null        000000018000a0d0     MSVCRT:MSVCR100.dll
 0002:000000d8       __imp_free                 000000018000a0d8     MSVCRT:MSVCR100.dll
 0002:000000e0       __imp__initterm_e          000000018000a0e0     MSVCRT:MSVCR100.dll
 0002:000000e8       __imp__initterm            000000018000a0e8     MSVCRT:MSVCR100.dll
 0002:000000f0       __imp__malloc_crt          000000018000a0f0     MSVCRT:MSVCR100.dll
 0002:000000f8       __imp_memcpy               000000018000a0f8     MSVCRT:MSVCR100.dll
 0002:00000100       __imp__lock                000000018000a100     MSVCRT:MSVCR100.dll
 0002:00000108       \177MSVCR100_NULL_THUNK_DATA 000000018000a108     MSVCRT:MSVCR100.dll
 0002:00000110       __imp_emlrtCheckVsBuiltInR2012b 000000018000a110     libemlrt:libemlrt.dll
 0002:00000118       __imp_emlrtAlias           000000018000a118     libemlrt:libemlrt.dll
 0002:00000120       __imp_emlrtCreateRootTLS   000000018000a120     libemlrt:libemlrt.dll
 0002:00000128       __imp_emlrtNameCapturePostProcessR2012a 000000018000a128     libemlrt:libemlrt.dll
 0002:00000130       __imp_emlrtAddField        000000018000a130     libemlrt:libemlrt.dll
 0002:00000138       __imp_emlrtGetFieldR2013a  000000018000a138     libemlrt:libemlrt.dll
 0002:00000140       __imp_emlrtCheckStructR2012b 000000018000a140     libemlrt:libemlrt.dll
 0002:00000148       __imp_emlrtAliasP          000000018000a148     libemlrt:libemlrt.dll
 0002:00000150       __imp_emlrtFreeMex         000000018000a150     libemlrt:libemlrt.dll
 0002:00000158       __imp_emlrtHeapAllocationErrorR2012b 000000018000a158     libemlrt:libemlrt.dll
 0002:00000160       __imp_emlrtImportArrayR2011b 000000018000a160     libemlrt:libemlrt.dll
 0002:00000168       __imp_emlrtSizeMulR2012b   000000018000a168     libemlrt:libemlrt.dll
 0002:00000170       __imp_emlrtPushHeapReferenceStackR2012b 000000018000a170     libemlrt:libemlrt.dll
 0002:00000178       __imp_emlrtMallocMex       000000018000a178     libemlrt:libemlrt.dll
 0002:00000180       __imp_emlrtReturnArrayR2009a 000000018000a180     libemlrt:libemlrt.dll
 0002:00000188       __imp_emlrtErrMsgIdAndTxt  000000018000a188     libemlrt:libemlrt.dll
 0002:00000190       __imp_emlrtClearAllocCountR2012b 000000018000a190     libemlrt:libemlrt.dll
 0002:00000198       __imp_emlrtEnterRtStackR2012b 000000018000a198     libemlrt:libemlrt.dll
 0002:000001a0       __imp_emlrtFirstTimeR2012b 000000018000a1a0     libemlrt:libemlrt.dll
 0002:000001a8       __imp_emlrtCallMATLABR2012b 000000018000a1a8     libemlrt:libemlrt.dll
 0002:000001b0       __imp_emlrtDestroyArray    000000018000a1b0     libemlrt:libemlrt.dll
 0002:000001b8       __imp_emlrtHeapReferenceStackEnterFcnR2012b 000000018000a1b8     libemlrt:libemlrt.dll
 0002:000001c0       __imp_emlrtIntegerCheckR2012b 000000018000a1c0     libemlrt:libemlrt.dll
 0002:000001c8       __imp_emlrtDynamicBoundsCheckR2012b 000000018000a1c8     libemlrt:libemlrt.dll
 0002:000001d0       __imp_emlrtSizeEqCheck1DR2012b 000000018000a1d0     libemlrt:libemlrt.dll
 0002:000001d8       __imp_emlrtMatrixMatrixIndexCheckR2012b 000000018000a1d8     libemlrt:libemlrt.dll
 0002:000001e0       __imp_emlrtSizeEqCheckNDR2012b 000000018000a1e0     libemlrt:libemlrt.dll
 0002:000001e8       __imp_emlrtHeapReferenceStackLeaveFcnR2012b 000000018000a1e8     libemlrt:libemlrt.dll
 0002:000001f0       __imp_emlrtPushRtStackR2012b 000000018000a1f0     libemlrt:libemlrt.dll
 0002:000001f8       __imp_emlrtInitCharArrayR2013a 000000018000a1f8     libemlrt:libemlrt.dll
 0002:00000200       __imp_emlrtAssign          000000018000a200     libemlrt:libemlrt.dll
 0002:00000208       __imp_emlrtPopRtStackR2012b 000000018000a208     libemlrt:libemlrt.dll
 0002:00000210       __imp_emlrtLeaveRtStackR2012b 000000018000a210     libemlrt:libemlrt.dll
 0002:00000218       __imp_emlrtDestroyRootTLS  000000018000a218     libemlrt:libemlrt.dll
 0002:00000220       __imp_emlrtCallocMex       000000018000a220     libemlrt:libemlrt.dll
 0002:00000228       __imp_emlrtGetBreakCheckFlagAddressR2012b 000000018000a228     libemlrt:libemlrt.dll
 0002:00000230       __imp_emlrtCheckBuiltInR2012b 000000018000a230     libemlrt:libemlrt.dll
 0002:00000238       \177libemlrt_NULL_THUNK_DATA 000000018000a238     libemlrt:libemlrt.dll
 0002:00000240       __imp_mexAtExit            000000018000a240     libmex:libmex.dll
 0002:00000248       \177libmex_NULL_THUNK_DATA 000000018000a248     libmex:libmex.dll
 0002:00000250       __imp_muDoubleScalarCeil   000000018000a250     libmwmathutil:libmwmathutil.dll
 0002:00000258       __imp_muDoubleScalarIsNaN  000000018000a258     libmwmathutil:libmwmathutil.dll
 0002:00000260       __imp_muDoubleScalarAbs    000000018000a260     libmwmathutil:libmwmathutil.dll
 0002:00000268       \177libmwmathutil_NULL_THUNK_DATA 000000018000a268     libmwmathutil:libmwmathutil.dll
 0002:00000270       __imp_mxCreateStructMatrix_700 000000018000a270     libmx:libmx.dll
 0002:00000278       __imp_mxCreateLogicalMatrix_700 000000018000a278     libmx:libmx.dll
 0002:00000280       __imp_mxSetFieldByNumber_700 000000018000a280     libmx:libmx.dll
 0002:00000288       __imp_mxCreateStructArray_700 000000018000a288     libmx:libmx.dll
 0002:00000290       __imp_mxCreateNumericMatrix_700 000000018000a290     libmx:libmx.dll
 0002:00000298       __imp_mxCreateDoubleScalar 000000018000a298     libmx:libmx.dll
 0002:000002a0       __imp_mxGetData            000000018000a2a0     libmx:libmx.dll
 0002:000002a8       __imp_mxCreateLogicalScalar 000000018000a2a8     libmx:libmx.dll
 0002:000002b0       __imp_mxCreateString       000000018000a2b0     libmx:libmx.dll
 0002:000002b8       __imp_mxCreateCharArray_700 000000018000a2b8     libmx:libmx.dll
 0002:000002c0       \177libmx_NULL_THUNK_DATA  000000018000a2c0     libmx:libmx.dll
 0002:000002c8       __xc_a                     000000018000a2c8     MSVCRT:cinitexe.obj
 0002:000002d0       __xc_z                     000000018000a2d0     MSVCRT:cinitexe.obj
 0002:000002d8       __xi_a                     000000018000a2d8     MSVCRT:cinitexe.obj
 0002:000002e8       __xi_z                     000000018000a2e8     MSVCRT:cinitexe.obj
 0002:000002f0       ??_C@_05KKCIMGE@error?$AA@ 000000018000a2f0     vibor_t_mexutil.obj
 0002:000002f8       ??_C@_07ONPBMBOP@message?$AA@ 000000018000a2f8     vibor_t_mexutil.obj
 0002:00000300       ??_C@_0EE@GLCPKFDH@C?3?1Program?5Files?1MATLAB?1R2013a?1t@ 000000018000a300     vibor_t_data.obj
 0002:00000348       ??_C@_07EDECNBOH@rdivide?$AA@ 000000018000a348     vibor_t_data.obj
 0002:00000350       ??_C@_03GJINMNGI@MdS?$AA@  000000018000a350     vibor_t.obj
 0002:00000354       ??_C@_03CIHCOPNF@dVg?$AA@  000000018000a354     vibor_t.obj
 0002:00000358       ??_C@_03EMBOCKNB@dVc?$AA@  000000018000a358     vibor_t.obj
 0002:0000035c       ??_C@_02MHMOHGM@Pw?$AA@    000000018000a35c     vibor_t.obj
 0002:00000360       ??_C@_02EGLOPFDN@Pg?$AA@   000000018000a360     vibor_t.obj
 0002:00000364       ??_C@_02CCNCDADJ@Pc?$AA@   000000018000a364     vibor_t.obj
 0002:00000370       ??_C@_0EE@GFFEKKBK@C?3?1Program?5Files?1MATLAB?1R2013a?1t@ 000000018000a370     vibor_t.obj
 0002:000003b4       ??_C@_03LJAEFNNE@max?$AA@  000000018000a3b4     vibor_t.obj
 0002:000003c0       ??_C@_0EI@HLNEOOLK@C?3?1Program?5Files?1MATLAB?1R2013a?1t@ 000000018000a3c0     vibor_t.obj
 0002:00000408       ??_C@_0M@LOJNOHOD@eml_li_find?$AA@ 000000018000a408     vibor_t.obj
 0002:00000420       ??_C@_0FL@PMFAFPFJ@C?3?1Program?5Files?1MATLAB?1R2013a?1t@ 000000018000a420     vibor_t.obj
 0002:00000480       ??_C@_0BP@OEONONCM@eml_int_forloop_overflow_check?$AA@ 000000018000a480     vibor_t.obj
 0002:000004a0       ??_C@_0EL@NLEDJIEP@C?3?1Program?5Files?1MATLAB?1R2013a?1t@ 000000018000a4a0     vibor_t.obj
 0002:000004f0       ??_C@_0P@PAOJKEOI@eml_min_or_max?$AA@ 000000018000a4f0     vibor_t.obj
 0002:00000500       ??_C@_0EE@CAFGOJJI@C?3?1Program?5Files?1MATLAB?1R2013a?1t@ 000000018000a500     vibor_t.obj
 0002:00000544       ??_C@_03KLIPLJLL@min?$AA@  000000018000a544     vibor_t.obj
 0002:00000550       ??_C@_0ED@CEKNCKCO@C?3?1Users?1LIK?1Documents?1MATLAB?1Tu@ 000000018000a550     vibor_t.obj
 0002:00000598       ??_C@_07FNBHECBC@vibor_t?$AA@ 000000018000a598     vibor_t.obj
 0002:00000698       ??_C@_0BC@DHBLDLOI@Assertion?5failed?4?$AA@ 000000018000a698     vibor_t.obj
 0002:000006b0       __real@3f947ae147ae147b    000000018000a6b0     vibor_t.obj
 0002:000006b8       __real@3ff0000000000000    000000018000a6b8     vibor_t.obj
 0002:000006c0       ??_C@_0EC@NKEDJCMK@C?3?1Program?5Files?1MATLAB?1R2013a?1t@ 000000018000a6c0     abs.obj
 0002:00000704       ??_C@_03BCGAIFPO@abs?$AA@  000000018000a704     abs.obj
 0002:00000720       ??_C@_02GIELDNKH@ng?$AA@   000000018000a720     vibor_t_api.obj
 0002:00000724       ??_C@_02MCHPIKD@nc?$AA@    000000018000a724     vibor_t_api.obj
 0002:00000728       ??_C@_02DOBBJKCB@na?$AA@   000000018000a728     vibor_t_api.obj
 0002:0000072c       ??_C@_03MGBGLMJK@AGc?$AA@  000000018000a72c     vibor_t_api.obj
 0002:00000730       ??_C@_03JFMPJPIK@AGr?$AA@  000000018000a730     vibor_t_api.obj
 0002:00000734       ??_C@_03MBBPBEEG@ACc?$AA@  000000018000a734     vibor_t_api.obj
 0002:00000738       ??_C@_03JCMGDHFG@ACr?$AA@  000000018000a738     vibor_t_api.obj
 0002:0000073c       ??_C@_02DLLLIFMM@Gc?$AA@   000000018000a73c     vibor_t_api.obj
 0002:00000740       ??_C@_02GIGCKGNM@Gr?$AA@   000000018000a740     vibor_t_api.obj
 0002:00000744       ??_C@_02DMLCCNBA@Cc?$AA@   000000018000a744     vibor_t_api.obj
 0002:00000748       ??_C@_02GPGLAOAA@Cr?$AA@   000000018000a748     vibor_t_api.obj
 0002:0000074c       ??_C@_03OELGJLOB@Arc?$AA@  000000018000a74c     vibor_t_api.obj
 0002:00000750       ??_C@_02BJBLKCLH@rc?$AA@   000000018000a750     vibor_t_api.obj
 0002:00000754       ??_C@_02IGCIGBLK@dl?$AA@   000000018000a754     vibor_t_api.obj
 0002:00000758       ??_C@_03KAOCKBKH@Sc2?$AA@  000000018000a758     vibor_t_api.obj
 0002:0000075c       ??_C@_03MHCFAGAK@Fc2?$AA@  000000018000a75c     vibor_t_api.obj
 0002:00000760       ??_C@_02DKHJOPPL@Fc?$AA@   000000018000a760     vibor_t_api.obj
 0002:00000764       ??_C@_02JBMFAICL@Bo?$AA@   000000018000a764     vibor_t_api.obj
 0002:00000768       ??_C@_02BHAIPDAP@zc?$AA@   000000018000a768     vibor_t_api.obj
 0002:0000076c       ??_C@_02DCKBHMKI@Kc?$AA@   000000018000a76c     vibor_t_api.obj
 0002:00000770       ??_C@_02OCEEKELO@dh?$AA@   000000018000a770     vibor_t_api.obj
 0002:00000774       ??_C@_02FNFNGMIC@Cp?$AA@   000000018000a774     vibor_t_api.obj
 0002:00000778       ??_C@_03DGANNMKF@lam?$AA@  000000018000a778     vibor_t_api.obj
 0002:0000077c       ??_C@_03EKNLKKFC@bet?$AA@  000000018000a77c     vibor_t_api.obj
 0002:00000780       ??_C@_02INODKLFL@Ro?$AA@   000000018000a780     vibor_t_api.obj
 0002:00000784       ??_C@_03BMPHPNN@ndt?$AA@   000000018000a784     vibor_t_api.obj
 0002:00000788       ??_C@_02EDDPJOD@dt?$AA@    000000018000a788     vibor_t_api.obj
 0002:0000078c       ??_C@_02BHONPKGH@Ta?$AA@   000000018000a78c     vibor_t_api.obj
 0002:00000790       ??_C@_02HOKIKMBC@Ns?$AA@   000000018000a790     vibor_t_api.obj
 0002:00000794       ??_C@_02BCPJPDCN@mu?$AA@   000000018000a794     vibor_t_api.obj
 0002:00000798       ??_C@_02DDDIAJFA@tw?$AA@   000000018000a798     vibor_t_api.obj
 0002:0000079c       ??_C@_02FHFEMMFE@ts?$AA@   000000018000a79c     vibor_t_api.obj
 0002:000007a0       ??_C@_02CJNFGIML@aw?$AA@   000000018000a7a0     vibor_t_api.obj
 0002:000007a4       ??_C@_02ENLJKNMP@as?$AA@   000000018000a7a4     vibor_t_api.obj
 0002:000007a8       ??_C@_02LDPCKCIM@Nl?$AA@   000000018000a7a8     vibor_t_api.obj
 0002:000007ab       ??_C@_00CNPNBAHC@?$AA@     000000018000a7ab     vibor_t_api.obj
 0002:000007b0       ??_C@_0M@EAEABPKH@vibor_t_api?$AA@ 000000018000a7b0     vibor_t_api.obj
 0002:000007c4       ??_C@_06BNJCAIGJ@double?$AA@ 000000018000a7c4     vibor_t_api.obj
 0002:000007d0       ??_C@_0FA@BCFOBJKC@?$FLILXE?$FN$matlabroot$?1toolbox?1eml?1l@ 000000018000a7d0     vibor_t_api.obj
 0002:00000820       ??_C@_0EB@NCIHPOOF@?$FLILXE?$FN$matlabroot$?1toolbox?1eml?1l@ 000000018000a820     vibor_t_api.obj
 0002:00000868       ??_C@_0BB@PACNMNAE@eml_isequal_core?$AA@ 000000018000a868     vibor_t_api.obj
 0002:00000880       ??_C@_0DK@ENDCOJGF@?$FLILXE?$FN$matlabroot$?1toolbox?1eml?1l@ 000000018000a880     vibor_t_api.obj
 0002:000008c0       ??_C@_07MIMONDDE@isequal?$AA@ 000000018000a8c0     vibor_t_api.obj
 0002:000008d0       ??_C@_0EC@FOBJIPAB@?$FLILXE?$FN$matlabroot$?1toolbox?1eml?1l@ 000000018000a8d0     vibor_t_api.obj
 0002:00000918       ??_C@_0BA@LOGEJEPK@eml_scalar_ceil?$AA@ 000000018000a918     vibor_t_api.obj
 0002:00000928       ??_C@_0DH@EIIGMJDC@?$FLILXE?$FN$matlabroot$?1toolbox?1eml?1l@ 000000018000a928     vibor_t_api.obj
 0002:00000960       ??_C@_04GFPJNGEK@ceil?$AA@ 000000018000a960     vibor_t_api.obj
 0002:00000968       ??_C@_0DH@LODENFNP@?$FLILXE?$FN$matlabroot$?1toolbox?1eml?1l@ 000000018000a968     vibor_t_api.obj
 0002:000009a0       ??_C@_06PCBFLGP@mtimes?$AA@ 000000018000a9a0     vibor_t_api.obj
 0002:000009a8       ??_C@_0DI@GANAMGFL@?$FLILXE?$FN$matlabroot$?1toolbox?1eml?1l@ 000000018000a9a8     vibor_t_api.obj
 0002:000009e0       ??_C@_07KHOFHKNM@eml_div?$AA@ 000000018000a9e0     vibor_t_api.obj
 0002:000009f0       ??_C@_0EH@ELBOGDPJ@?$FLILXE?$FN$matlabroot$?1toolbox?1eml?1l@ 000000018000a9f0     vibor_t_api.obj
 0002:00000a38       ??_C@_0BH@LFDIDDBI@eml_scalexp_compatible?$AA@ 000000018000aa38     vibor_t_api.obj
 0002:00000a50       ??_C@_0DJ@LGGCAFOA@?$FLILXE?$FN$matlabroot$?1toolbox?1eml?1l@ 000000018000aa50     vibor_t_api.obj
 0002:00000a90       ??_C@_08GNEFHMND@mrdivide?$AA@ 000000018000aa90     vibor_t_api.obj
 0002:00000aa0       ??_C@_0DI@EMINNGDL@?$FLILXE?$FN$matlabroot$?1toolbox?1eml?1l@ 000000018000aaa0     vibor_t_api.obj
 0002:00000ad8       ??_C@_0DI@ECPGNJBG@?$FLILXE?$FN$matlabroot$?1toolbox?1eml?1l@ 000000018000aad8     vibor_t_api.obj
 0002:00000b10       ??_C@_0EK@DAIIEKFK@?$FLILXE?$FN$matlabroot$?1toolbox?1eml?1l@ 000000018000ab10     vibor_t_api.obj
 0002:00000b60       ??_C@_0DM@CMPJFBOP@?$FLILXE?$FN$matlabroot$?1toolbox?1eml?1l@ 000000018000ab60     vibor_t_api.obj
 0002:00000ba0       ??_C@_0EB@JMHDJNBF@?$FLILXE?$FN$matlabroot$?1toolbox?1eml?1l@ 000000018000aba0     vibor_t_api.obj
 0002:00000be8       ??_C@_0P@DEOLODNE@eml_scalar_abs?$AA@ 000000018000abe8     vibor_t_api.obj
 0002:00000bf8       ??_C@_0DG@GPPKOLMK@?$FLILXE?$FN$matlabroot$?1toolbox?1eml?1l@ 000000018000abf8     vibor_t_api.obj
 0002:00000c30       ??_C@_0DK@NBBBHAFE@?$FLILXE?$FN$matlabroot$?1toolbox?1eml?1l@ 000000018000ac30     vibor_t_api.obj
 0002:00000c70       ??_C@_0BA@DMFOHEOD@function_handle?$AA@ 000000018000ac70     vibor_t_api.obj
 0002:00000c80       ??_C@_09NODCPLED@eml_relop?$AA@ 000000018000ac80     vibor_t_api.obj
 0002:00000c90       ??_C@_0DJ@PBLDDNNK@?$FLILXE?$FN$matlabroot$?1toolbox?1eml?1l@ 000000018000ac90     vibor_t_api.obj
 0002:00000ccc       ??_C@_06CFKOHMKF@intmax?$AA@ 000000018000accc     vibor_t_api.obj
 0002:00000ce0       ??_C@_0HF@KHPAKDPE@?$FLILXE?$FN$matlabroot$?1toolbox?1eml?1l@ 000000018000ace0     vibor_t_api.obj
 0002:00000d60       ??_C@_0EP@LONMACPJ@?$FLILXE?$FN$matlabroot$?1toolbox?1eml?1l@ 000000018000ad60     vibor_t_api.obj
 0002:00000db0       ??_C@_0P@DJHCLAEH@eml_index_plus?$AA@ 000000018000adb0     vibor_t_api.obj
 0002:00000dc0       ??_C@_0DI@NOGOOKFE@?$FLILXE?$FN$matlabroot$?1toolbox?1eml?1l@ 000000018000adc0     vibor_t_api.obj
 0002:00000df8       ??_C@_05LGCGPNNP@isnan?$AA@ 000000018000adf8     vibor_t_api.obj
 0002:00000e00       ??_C@_0DP@JHLGJKEB@?$FLILXE?$FN$matlabroot$?1toolbox?1eml?1l@ 000000018000ae00     vibor_t_api.obj
 0002:00000e40       ??_C@_04ENMBGAPA@char?$AA@ 000000018000ae40     vibor_t_api.obj
 0002:00000e48       ??_C@_0BI@MOBBIOAA@coder?4internal?4indexInt?$AA@ 000000018000ae48     vibor_t_api.obj
 0002:00000e60       ??_C@_0FA@NLJKFOCK@?$FLILXE?$FN$matlabroot$?1toolbox?1eml?1l@ 000000018000ae60     vibor_t_api.obj
 0002:00000eb0       ??_C@_0DO@FIFFNPJ@?$FLILXE?$FN$matlabroot$?1toolbox?1eml?1l@ 000000018000aeb0     vibor_t_api.obj
 0002:00000ef0       ??_C@_0O@DGEIFEHG@eml_scalar_eg?$AA@ 000000018000aef0     vibor_t_api.obj
 0002:00000f00       ??_C@_0EL@PHDBKCJB@?$FLILXE?$FN$matlabroot$?1toolbox?1eml?1l@ 000000018000af00     vibor_t_api.obj
 0002:00000f50       ??_C@_0BL@CDOFOJKC@eml_const_nonsingleton_dim?$AA@ 000000018000af50     vibor_t_api.obj
 0002:00000f70       ??_C@_0DP@KEPDCHIB@?$FLILXE?$FN$matlabroot$?1toolbox?1eml?1l@ 000000018000af70     vibor_t_api.obj
 0002:00000fb0       ??_C@_0DI@JIPJFLJ@?$FLILXE?$FN$matlabroot$?1toolbox?1eml?1l@ 000000018000afb0     vibor_t_api.obj
 0002:00000ff0       ??_C@_0EA@GLIAMHNI@?$FLILXE?$FN$matlabroot$?1toolbox?1eml?1l@ 000000018000aff0     vibor_t_api.obj
 0002:00001030       ??_C@_0BA@LGKKDMEL@eml_index_class?$AA@ 000000018000b030     vibor_t_api.obj
 0002:00001040       ??_C@_0EG@IIFJNJCD@?$FLE?$FNC?3?1Users?1LIK?1Documents?1MATLAB@ 000000018000b040     vibor_t_api.obj
 0002:00001090       ??_C@_0EM@LIFKDPLC@?$FLILXE?$FN$matlabroot$?1toolbox?1eml?1l@ 000000018000b090     vibor_t_api.obj
 0002:000010e0       ??_C@_0M@FMAJFPGC@mFileTimeHi?$AA@ 000000018000b0e0     vibor_t_api.obj
 0002:000010f0       ??_C@_0M@NFKFADI@mFileTimeLo?$AA@ 000000018000b0f0     vibor_t_api.obj
 0002:00001100       ??_C@_0L@HMDKMKNA@fileTimeHi?$AA@ 000000018000b100     vibor_t_api.obj
 0002:00001110       ??_C@_0L@CNGJMFIK@fileTimeLo?$AA@ 000000018000b110     vibor_t_api.obj
 0002:00001120       ??_C@_08CGJBBLIA@resolved?$AA@ 000000018000b120     vibor_t_api.obj
 0002:00001130       ??_C@_0N@IGLAPNJK@dominantType?$AA@ 000000018000b130     vibor_t_api.obj
 0002:00001140       ??_C@_04MEMAJGDJ@name?$AA@ 000000018000b140     vibor_t_api.obj
 0002:00001148       ??_C@_07JKKCBBMM@context?$AA@ 000000018000b148     vibor_t_api.obj
 0002:00001150       ??_C@_05ICGFHFEE@j_ndt?$AA@ 000000018000b150     vibor_t_api.obj
 0002:00001158       ??_C@_01KBJDNOO@i?$AA@     000000018000b158     vibor_t_api.obj
 0002:0000115c       ??_C@_03HENCECCH@WoG?$AA@  000000018000b15c     vibor_t_api.obj
 0002:00001160       ??_C@_03BALOIHCD@WoC?$AA@  000000018000b160     vibor_t_api.obj
 0002:00001164       ??_C@_03BCPAEBJN@W1G?$AA@  000000018000b164     vibor_t_api.obj
 0002:00001168       ??_C@_03HGJMIEJJ@W1C?$AA@  000000018000b168     vibor_t_api.obj
 0002:0000116c       ??_C@_02CJKHLNKB@GL?$AA@   000000018000b16c     vibor_t_api.obj
 0002:00001170       ??_C@_02COKOBFHN@CL?$AA@   000000018000b170     vibor_t_api.obj
 0002:00001174       ??_C@_03LLMNKKAL@Sw2?$AA@  000000018000b174     vibor_t_api.obj
 0002:00001178       ??_C@_03JAOAPJMI@Sw1?$AA@  000000018000b178     vibor_t_api.obj
 0002:0000117c       ??_C@_02LENCMAPF@RC?$AA@   000000018000b17c     vibor_t_api.obj
 0002:00001180       ??_C@_02OEIPDHIL@PR?$AA@   000000018000b180     vibor_t_api.obj
 0002:00001184       ??_C@_02IFKMLFNE@fl?$AA@   000000018000b184     vibor_t_api.obj
 0002:00001188       ??_C@_0CF@OIONOIOI@EMLRT?3runTime?3TooManyOutputArgum@ 000000018000b188     vibor_t_mex.obj
 0002:000011b0       ??_C@_0CC@IMHDKEMC@EMLRT?3runTime?3WrongNumberOfInput@ 000000018000b1b0     vibor_t_mex.obj
 0002:000011d8       ??_C@_0BD@BMDBANMC@8?41?40?4604?5?$CIR2013a?$CJ?$AA@ 000000018000b1d8     vibor_t_mex.obj
 0002:000011f0       __real@4008000000000000    000000018000b1f0     vibor_t_mex.obj
 0002:000011f8       __real@4034000000000000    000000018000b1f8     vibor_t_mex.obj
 0002:00001200       ??_C@_0P@FDPDNMBC@ConstantInputs?$AA@ 000000018000b200     vibor_t_mex.obj
 0002:00001210       ??_C@_0BA@HBLCOFA@NumberOfOutputs?$AA@ 000000018000b210     vibor_t_mex.obj
 0002:00001220       ??_C@_0P@DJPKAEOC@NumberOfInputs?$AA@ 000000018000b220     vibor_t_mex.obj
 0002:00001230       ??_C@_04FABLJDN@Name?$AA@  000000018000b230     vibor_t_mex.obj
 0002:00001238       ??_C@_0M@HOOGCLMJ@EntryPoints?$AA@ 000000018000b238     vibor_t_mex.obj
 0002:00001248       ??_C@_0BC@PFKIGKIM@ResolvedFunctions?$AA@ 000000018000b248     vibor_t_mex.obj
 0002:00001260       ??_C@_07NGFJPNPN@Version?$AA@ 000000018000b260     vibor_t_mex.obj
 0002:00001268       _pDefaultRawDllMain        000000018000b268     MSVCRT:crtdll.obj
 0002:00001268       _pRawDllMain               000000018000b268     MSVCRT:crtdll.obj
 0002:00001280       __rtc_iaa                  000000018000b280     MSVCRT:_initsect_.obj
 0002:00001288       __rtc_izz                  000000018000b288     MSVCRT:_initsect_.obj
 0002:00001290       __rtc_taa                  000000018000b290     MSVCRT:_initsect_.obj
 0002:00001298       __rtc_tzz                  000000018000b298     MSVCRT:_initsect_.obj
 0002:000015d0       __IMPORT_DESCRIPTOR_libmx  000000018000b5d0     libmx:libmx.dll
 0002:000015e4       __IMPORT_DESCRIPTOR_libmex 000000018000b5e4     libmex:libmex.dll
 0002:000015f8       __IMPORT_DESCRIPTOR_libemlrt 000000018000b5f8     libemlrt:libemlrt.dll
 0002:0000160c       __IMPORT_DESCRIPTOR_libmwmathutil 000000018000b60c     libmwmathutil:libmwmathutil.dll
 0002:00001620       __IMPORT_DESCRIPTOR_MSVCR100 000000018000b620     MSVCRT:MSVCR100.dll
 0002:00001634       __IMPORT_DESCRIPTOR_KERNEL32 000000018000b634     kernel32:KERNEL32.dll
 0002:00001648       __NULL_IMPORT_DESCRIPTOR   000000018000b648     libmx:libmx.dll
 0003:00000000       s_emlrtRSI                 000000018000d000     vibor_t_data.obj
 0003:00000018       h_emlrtMCI                 000000018000d018     vibor_t_data.obj
 0003:00000030       i_emlrtMCI                 000000018000d030     vibor_t_data.obj
 0003:00000ba0       emlrtContextGlobal         000000018000dba0     vibor_t_mex.obj
 0003:00000be0       __security_cookie          000000018000dbe0     MSVCRT:gs_cookie.obj
 0003:00000be8       __security_cookie_complement 000000018000dbe8     MSVCRT:gs_cookie.obj
 0003:00000bf0       _fltused                   000000018000dbf0     MSVCRT:dllsupp.obj
 0003:00000bf4       __native_dllmain_reason    000000018000dbf4     MSVCRT:natstart.obj
 0003:00000bf8       __native_vcclrit_reason    000000018000dbf8     MSVCRT:natstart.obj
 0003:00000c08       emlrtRootTLSGlobal         000000018000dc08     vibor_t_mex.obj
 0003:00001190       ?__type_info_root_node@@3U__type_info_node@@A 000000018000e190     MSVCRT:tncleanup.obj
 0003:000011a0       __native_startup_state     000000018000e1a0     <common>
 0003:000011a8       __native_startup_lock      000000018000e1a8     <common>
 0003:000011b0       __onexitend                000000018000e1b0     <common>
 0003:000011b8       __onexitbegin              000000018000e1b8     <common>
 0003:000011c0       __dyn_tls_init_callback    000000018000e1c0     <common>

 entry point at        0001:00008600

 Static symbols

 0001:00000170       check_forloop_overflow_error 0000000180001170 f   vibor_t.obj
 0001:00000340       eml_li_find                0000000180001340 f   vibor_t.obj
 0001:00004b40       ab_emlrt_marshallIn        0000000180005b40 f   vibor_t_api.obj
 0001:00004c20       bb_emlrt_marshallIn        0000000180005c20 f   vibor_t_api.obj
 0001:00004cf0       cb_emlrt_marshallIn        0000000180005cf0 f   vibor_t_api.obj
 0001:00004dd0       info_helper                0000000180005dd0 f   vibor_t_api.obj
 0001:00005610       x_emlrt_marshallIn         0000000180006610 f   vibor_t_api.obj
 0001:00005a30       emlrt_marshallIn           0000000180006a30 f   vibor_t_api.obj
 0001:00005ae0       c_emlrt_marshallIn         0000000180006ae0 f   vibor_t_api.obj
 0001:00005bd0       f_emlrt_marshallIn         0000000180006bd0 f   vibor_t_api.obj
 0001:00006910       k_emlrt_marshallIn         0000000180007910 f   vibor_t_api.obj
 0001:00007d20       vibor_t_mexFunction        0000000180008d20 f   vibor_t_mex.obj
 0001:00008208       pre_c_init                 0000000180009208 f   MSVCRT:crtdll.obj
 0001:000084c4       __DllMainCRTStartup        00000001800094c4 f   MSVCRT:crtdll.obj
 0001:00008ac0       __DllMainCRTStartup$filt$0 0000000180009ac0 f   MSVCRT:crtdll.obj
 0001:00008af0       __DllMainCRTStartup$fin$1  0000000180009af0 f   MSVCRT:crtdll.obj
 0001:00008b0a       _onexit$fin$0              0000000180009b0a f   MSVCRT:atonexit.obj
 0001:00008b30       _IsNonwritableInCurrentImage$filt$0 0000000180009b30 f   MSVCRT:pesect.obj
